/workspaces/Dskntik-token/contracts/dskntik.fc:6:13: error: undefined function `new_builder`, defining a global function of unknown type
      var b = new_builder(); 
              ^
/workspaces/Dskntik-token/contracts/dskntik.fc:8:18: error: undefined function `.end_cell`, defining a global function of unknown type
      var state = b.end_cell(); 
                   ^
/workspaces/Dskntik-token/contracts/dskntik.fc:9:5: error: undefined function `set_data`, defining a global function of unknown type
      set_data(state); 
      ^
/workspaces/Dskntik-token/contracts/dskntik.fc:14:17: error: undefined function `get_data`, defining a global function of unknown type
      var state = get_data(); 
                  ^
/workspaces/Dskntik-token/contracts/dskntik.fc:15:18: error: undefined function `.begin_parse`, defining a global function of unknown type
      var s = state.begin_parse(); 
                   ^
/workspaces/Dskntik-token/contracts/dskntik.fc:17:19: error: previous function return type int cannot be unified with return statement expression type (slice, int): cannot unify type (slice, int) with int
      return counter; 
                    ^

